16:39:20.479 [main] INFO  com.intuit.karate - Karate version: 1.4.1
16:39:20.660 [main] INFO  com.intuit.karate.Runner - using system property 'karate.env': prod
16:39:21.568 [main] INFO  com.intuit.karate - Start karate-config.js 
16:39:21.569 [main] INFO  com.intuit.karate - karate.env system property is: prod 
16:39:21.643 [main] INFO  com.intuit.karate - >> lock acquired, begin callSingle: classpath:authorization_token/prod/UPM_Prod_AccessToken.feature
16:39:23.197 [main] INFO  com.intuit.karate - << lock released, cached callSingle: classpath:authorization_token/prod/UPM_Prod_AccessToken.feature
16:39:23.198 [main] INFO  com.intuit.karate - UPM API Gateway Access Token was fetched successfully. 
16:39:23.198 [main] INFO  com.intuit.karate - UPM COB OAuth credentials not provided. Skipping token generation. 
16:39:23.201 [main] INFO  com.intuit.karate - >> lock acquired, begin callSingle: classpath:authorization_token/prod/PPKG_Prod_AccessToken.feature
16:39:24.083 [main] INFO  com.intuit.karate - << lock released, cached callSingle: classpath:authorization_token/prod/PPKG_Prod_AccessToken.feature
16:39:24.084 [main] INFO  com.intuit.karate - PPKG Access Token was fetched successfully. 
16:39:24.084 [main] INFO  com.intuit.karate - ALEX OAuth credentials not provided. Skipping token generation. 
16:39:24.084 [main] INFO  com.intuit.karate - Claim360 OAuth credentials not provided. Skipping token generation. 
16:39:24.084 [main] INFO  com.intuit.karate - COB OAuth credentials not provided. Skipping token generation. 
16:39:24.084 [main] INFO  com.intuit.karate - UPM OAuth credentials (Non-Prod) not provided. Skipping token generation. 
16:39:24.085 [main] INFO  com.intuit.karate - PPKG OAuth credentials (Non-Prod) not provided. Skipping token generation. 
16:39:24.085 [main] INFO  com.intuit.karate - ALEX OAuth credentials (Non-Prod) not provided. Skipping token generation. 
16:39:24.085 [main] INFO  com.intuit.karate - Claim360 OAuth credentials (Non-Prod) not provided. Skipping token generation. 
16:39:24.085 [main] INFO  com.intuit.karate - COB OAuth credentials (Non-Prod) not provided. Skipping token generation. 
16:39:24.098 [main] INFO  com.intuit.karate - End karate-config.js 
16:39:24.136 [main] INFO  com.intuit.karate - >> lock acquired, begin callonce: read('classpath:feature_files/upm_ppkg/cosmos/ISET/summary/upm_summary.feature')
16:39:24.153 [main] INFO  com.intuit.karate - >> lock acquired, begin callonce: read('classpath:authorization_token/prod/UPM_Prod_AccessToken.feature')
16:39:25.079 [main] INFO  com.intuit.karate - << lock released, cached callonce: read('classpath:authorization_token/prod/UPM_Prod_AccessToken.feature')
16:40:19.444 [main] INFO  com.intuit.karate - << lock released, cached callonce: read('classpath:feature_files/upm_ppkg/cosmos/ISET/summary/upm_summary.feature')
16:40:19.449 [main] INFO  com.intuit.karate - >> lock acquired, begin callonce: read('classpath:feature_files/upm_ppkg/cosmos/ISET/summary/ppkg_summary.feature')
16:40:19.449 [main] INFO  com.intuit.karate - >> lock acquired, begin callonce: read('classpath:authorization_token/prod/PPKG_Prod_AccessToken.feature')
16:40:20.342 [main] INFO  com.intuit.karate - << lock released, cached callonce: read('classpath:authorization_token/prod/PPKG_Prod_AccessToken.feature')
16:41:03.277 [main] INFO  com.intuit.karate - << lock released, cached callonce: read('classpath:feature_files/upm_ppkg/cosmos/ISET/summary/ppkg_summary.feature')
16:41:03.279 [main] INFO  com.intuit.karate - [VALIDATION] === Generating DMV reports for: ISET_Summary (Consumer: ISET ) === 
16:41:10.481 [main] INFO  com.intuit.karate - [VALIDATION] DMV Schema_Validation.py completed for ISET_Summary 
16:41:11.771 [main] INFO  com.intuit.karate - [VALIDATION] Performance report generated for ISET 
16:41:11.772 [main] INFO  com.intuit.karate - [VALIDATION] === Done for: ISET_Summary === 
16:41:11.782 [main] INFO  com.intuit.karate - Start karate-config.js 
16:41:11.782 [main] INFO  com.intuit.karate - karate.env system property is: prod 
16:41:11.785 [main] INFO  com.intuit.karate - UPM API Gateway Access Token was fetched successfully. 
16:41:11.785 [main] INFO  com.intuit.karate - UPM COB OAuth credentials not provided. Skipping token generation. 
16:41:11.785 [main] INFO  com.intuit.karate - PPKG Access Token was fetched successfully. 
16:41:11.786 [main] INFO  com.intuit.karate - ALEX OAuth credentials not provided. Skipping token generation. 
16:41:11.786 [main] INFO  com.intuit.karate - Claim360 OAuth credentials not provided. Skipping token generation. 
16:41:11.786 [main] INFO  com.intuit.karate - COB OAuth credentials not provided. Skipping token generation. 
16:41:11.786 [main] INFO  com.intuit.karate - UPM OAuth credentials (Non-Prod) not provided. Skipping token generation. 
16:41:11.786 [main] INFO  com.intuit.karate - PPKG OAuth credentials (Non-Prod) not provided. Skipping token generation. 
16:41:11.786 [main] INFO  com.intuit.karate - ALEX OAuth credentials (Non-Prod) not provided. Skipping token generation. 
16:41:11.786 [main] INFO  com.intuit.karate - Claim360 OAuth credentials (Non-Prod) not provided. Skipping token generation. 
16:41:11.786 [main] INFO  com.intuit.karate - COB OAuth credentials (Non-Prod) not provided. Skipping token generation. 
16:41:11.788 [main] INFO  com.intuit.karate - End karate-config.js 
16:41:11.793 [main] INFO  com.intuit.karate - >> lock acquired, begin callonce: read('classpath:feature_files/upm_ppkg/cosmos/ISET/read-claim-details/hospital/upm_hospital.feature')
16:41:11.799 [main] INFO  com.intuit.karate - >> lock acquired, begin callonce: read('classpath:authorization_token/prod/UPM_Prod_AccessToken.feature')
16:41:12.764 [main] INFO  com.intuit.karate - << lock released, cached callonce: read('classpath:authorization_token/prod/UPM_Prod_AccessToken.feature')
16:41:14.085 [main] INFO  com.intuit.karate - [WARN] Expected 200 but got 403 for Claim UPM details Hospital request validation 
16:41:15.564 [main] INFO  com.intuit.karate - [WARN] Expected 200 but got 403 for Claim UPM details Hospital request validation 
16:41:17.021 [main] INFO  com.intuit.karate - [WARN] Expected 200 but got 403 for Claim UPM details Hospital request validation 
16:41:18.472 [main] INFO  com.intuit.karate - [WARN] Expected 200 but got 403 for Claim UPM details Hospital request validation 
16:41:19.921 [main] INFO  com.intuit.karate - [WARN] Expected 200 but got 403 for Claim UPM details Hospital request validation 
16:41:21.260 [main] INFO  com.intuit.karate - [WARN] Expected 200 but got 403 for Claim UPM details Hospital request validation 
16:41:22.680 [main] INFO  com.intuit.karate - [WARN] Expected 200 but got 403 for Claim UPM details Hospital request validation 
16:41:24.164 [main] INFO  com.intuit.karate - [WARN] Expected 200 but got 403 for Claim UPM details Hospital request validation 
16:41:25.515 [main] INFO  com.intuit.karate - [WARN] Expected 200 but got 403 for Claim UPM details Hospital request validation 
16:41:26.955 [main] INFO  com.intuit.karate - [WARN] Expected 200 but got 403 for Claim UPM details Hospital request validation 
16:41:28.401 [main] INFO  com.intuit.karate - [WARN] Expected 200 but got 403 for Claim UPM details Hospital request validation 
16:41:29.847 [main] INFO  com.intuit.karate - [WARN] Expected 200 but got 403 for Claim UPM details Hospital request validation 
16:41:31.270 [main] INFO  com.intuit.karate - [WARN] Expected 200 but got 403 for Claim UPM details Hospital request validation 
16:41:32.721 [main] INFO  com.intuit.karate - [WARN] Expected 200 but got 403 for Claim UPM details Hospital request validation 
16:41:34.235 [main] INFO  com.intuit.karate - [WARN] Expected 200 but got 403 for Claim UPM details Hospital request validation 
16:41:35.631 [main] INFO  com.intuit.karate - [WARN] Expected 200 but got 403 for Claim UPM details Hospital request validation 
16:41:37.070 [main] INFO  com.intuit.karate - [WARN] Expected 200 but got 403 for Claim UPM details Hospital request validation 
16:41:38.481 [main] INFO  com.intuit.karate - [WARN] Expected 200 but got 403 for Claim UPM details Hospital request validation 
16:41:39.950 [main] INFO  com.intuit.karate - [WARN] Expected 200 but got 403 for Claim UPM details Hospital request validation 
16:41:41.395 [main] INFO  com.intuit.karate - [WARN] Expected 200 but got 403 for Claim UPM details Hospital request validation 
16:41:42.796 [main] INFO  com.intuit.karate - [WARN] Expected 200 but got 403 for Claim UPM details Hospital request validation 
16:41:44.343 [main] INFO  com.intuit.karate - [WARN] Expected 200 but got 403 for Claim UPM details Hospital request validation 
16:41:45.806 [main] INFO  com.intuit.karate - [WARN] Expected 200 but got 403 for Claim UPM details Hospital request validation 
16:41:47.191 [main] INFO  com.intuit.karate - [WARN] Expected 200 but got 403 for Claim UPM details Hospital request validation 
16:41:48.660 [main] INFO  com.intuit.karate - [WARN] Expected 200 but got 403 for Claim UPM details Hospital request validation 
16:41:50.183 [main] INFO  com.intuit.karate - [WARN] Expected 200 but got 403 for Claim UPM details Hospital request validation 
16:41:51.680 [main] INFO  com.intuit.karate - [WARN] Expected 200 but got 403 for Claim UPM details Hospital request validation 
16:41:53.183 [main] INFO  com.intuit.karate - [WARN] Expected 200 but got 403 for Claim UPM details Hospital request validation 
16:41:54.650 [main] INFO  com.intuit.karate - [WARN] Expected 200 but got 403 for Claim UPM details Hospital request validation 
16:41:56.084 [main] INFO  com.intuit.karate - [WARN] Expected 200 but got 403 for Claim UPM details Hospital request validation 
16:41:57.532 [main] INFO  com.intuit.karate - [WARN] Expected 200 but got 403 for Claim UPM details Hospital request validation 
16:41:58.993 [main] INFO  com.intuit.karate - [WARN] Expected 200 but got 403 for Claim UPM details Hospital request validation 
16:41:59.262 [main] INFO  com.intuit.karate - << lock released, cached callonce: read('classpath:feature_files/upm_ppkg/cosmos/ISET/read-claim-details/hospital/upm_hospital.feature')
16:41:59.265 [main] INFO  com.intuit.karate - >> lock acquired, begin callonce: read('classpath:feature_files/upm_ppkg/cosmos/ISET/read-claim-details/hospital/ppkg_hospital.feature')
16:41:59.271 [main] INFO  com.intuit.karate - >> lock acquired, begin callonce: read('classpath:authorization_token/prod/PPKG_Prod_AccessToken.feature')
16:42:00.185 [main] INFO  com.intuit.karate - << lock released, cached callonce: read('classpath:authorization_token/prod/PPKG_Prod_AccessToken.feature')
16:42:00.975 [main] INFO  com.intuit.karate - [WARN] Expected 200 but got 404 for Getting Single Record Based on Claim-identifiers 
16:42:02.065 [main] INFO  com.intuit.karate - [WARN] Expected 200 but got 404 for Getting Single Record Based on Claim-identifiers 
16:42:03.175 [main] INFO  com.intuit.karate - [WARN] Expected 200 but got 404 for Getting Single Record Based on Claim-identifiers 
16:42:04.364 [main] INFO  com.intuit.karate - [WARN] Expected 200 but got 404 for Getting Single Record Based on Claim-identifiers 
16:42:05.390 [main] INFO  com.intuit.karate - [WARN] Expected 200 but got 404 for Getting Single Record Based on Claim-identifiers 
16:42:07.945 [main] INFO  com.intuit.karate - [WARN] Expected 200 but got 404 for Getting Single Record Based on Claim-identifiers 
16:42:08.892 [main] INFO  com.intuit.karate - [WARN] Expected 200 but got 404 for Getting Single Record Based on Claim-identifiers 
16:42:09.971 [main] INFO  com.intuit.karate - [WARN] Expected 200 but got 404 for Getting Single Record Based on Claim-identifiers 
16:42:13.191 [main] INFO  com.intuit.karate - [WARN] Expected 200 but got 404 for Getting Single Record Based on Claim-identifiers 
16:42:14.301 [main] INFO  com.intuit.karate - [WARN] Expected 200 but got 404 for Getting Single Record Based on Claim-identifiers 
16:42:15.287 [main] INFO  com.intuit.karate - [WARN] Expected 200 but got 404 for Getting Single Record Based on Claim-identifiers 
16:42:17.378 [main] INFO  com.intuit.karate - [WARN] Expected 200 but got 404 for Getting Single Record Based on Claim-identifiers 
16:42:21.609 [main] INFO  com.intuit.karate - [WARN] Expected 200 but got 404 for Getting Single Record Based on Claim-identifiers 
16:42:22.834 [main] INFO  com.intuit.karate - [WARN] Expected 200 but got 404 for Getting Single Record Based on Claim-identifiers 
16:42:23.749 [main] INFO  com.intuit.karate - [WARN] Expected 200 but got 404 for Getting Single Record Based on Claim-identifiers 
16:42:24.716 [main] INFO  com.intuit.karate - [WARN] Expected 200 but got 404 for Getting Single Record Based on Claim-identifiers 
16:42:27.347 [main] INFO  com.intuit.karate - [WARN] Expected 200 but got 404 for Getting Single Record Based on Claim-identifiers 
16:42:28.355 [main] INFO  com.intuit.karate - [WARN] Expected 200 but got 404 for Getting Single Record Based on Claim-identifiers 
16:42:29.665 [main] INFO  com.intuit.karate - [WARN] Expected 200 but got 404 for Getting Single Record Based on Claim-identifiers 
16:42:32.646 [main] INFO  com.intuit.karate - [WARN] Expected 200 but got 404 for Getting Single Record Based on Claim-identifiers 
16:42:33.722 [main] INFO  com.intuit.karate - [WARN] Expected 200 but got 404 for Getting Single Record Based on Claim-identifiers 
16:42:34.715 [main] INFO  com.intuit.karate - [WARN] Expected 200 but got 404 for Getting Single Record Based on Claim-identifiers 
16:42:35.907 [main] INFO  com.intuit.karate - [WARN] Expected 200 but got 404 for Getting Single Record Based on Claim-identifiers 
16:42:36.906 [main] INFO  com.intuit.karate - [WARN] Expected 200 but got 404 for Getting Single Record Based on Claim-identifiers 
16:42:38.018 [main] INFO  com.intuit.karate - [WARN] Expected 200 but got 404 for Getting Single Record Based on Claim-identifiers 
16:42:39.145 [main] INFO  com.intuit.karate - [WARN] Expected 200 but got 404 for Getting Single Record Based on Claim-identifiers 
16:42:40.156 [main] INFO  com.intuit.karate - [WARN] Expected 200 but got 404 for Getting Single Record Based on Claim-identifiers 
16:42:41.228 [main] INFO  com.intuit.karate - [WARN] Expected 200 but got 404 for Getting Single Record Based on Claim-identifiers 
16:42:41.502 [main] INFO  com.intuit.karate - << lock released, cached callonce: read('classpath:feature_files/upm_ppkg/cosmos/ISET/read-claim-details/hospital/ppkg_hospital.feature')
16:42:41.502 [main] INFO  com.intuit.karate - [VALIDATION] === Generating DMV reports for: ISET_Hospital (Consumer: ISET ) === 
16:42:49.517 [main] INFO  com.intuit.karate - [VALIDATION] DMV Schema_Validation.py completed for ISET_Hospital 
16:42:50.712 [main] INFO  com.intuit.karate - [VALIDATION] Performance report generated for ISET 
16:42:50.712 [main] INFO  com.intuit.karate - [VALIDATION] === Done for: ISET_Hospital === 
16:42:50.717 [main] INFO  com.intuit.karate - Start karate-config.js 
16:42:50.717 [main] INFO  com.intuit.karate - karate.env system property is: prod 
16:42:50.719 [main] INFO  com.intuit.karate - UPM API Gateway Access Token was fetched successfully. 
16:42:50.720 [main] INFO  com.intuit.karate - UPM COB OAuth credentials not provided. Skipping token generation. 
16:42:50.720 [main] INFO  com.intuit.karate - PPKG Access Token was fetched successfully. 
16:42:50.720 [main] INFO  com.intuit.karate - ALEX OAuth credentials not provided. Skipping token generation. 
16:42:50.720 [main] INFO  com.intuit.karate - Claim360 OAuth credentials not provided. Skipping token generation. 
16:42:50.720 [main] INFO  com.intuit.karate - COB OAuth credentials not provided. Skipping token generation. 
16:42:50.720 [main] INFO  com.intuit.karate - UPM OAuth credentials (Non-Prod) not provided. Skipping token generation. 
16:42:50.720 [main] INFO  com.intuit.karate - PPKG OAuth credentials (Non-Prod) not provided. Skipping token generation. 
16:42:50.720 [main] INFO  com.intuit.karate - ALEX OAuth credentials (Non-Prod) not provided. Skipping token generation. 
16:42:50.721 [main] INFO  com.intuit.karate - Claim360 OAuth credentials (Non-Prod) not provided. Skipping token generation. 
16:42:50.721 [main] INFO  com.intuit.karate - COB OAuth credentials (Non-Prod) not provided. Skipping token generation. 
16:42:50.722 [main] INFO  com.intuit.karate - End karate-config.js 
16:42:50.727 [main] INFO  com.intuit.karate - >> lock acquired, begin callonce: read('classpath:feature_files/upm_ppkg/cosmos/ISET/read-claim-details/physician/upm_physician.feature')
16:42:50.731 [main] INFO  com.intuit.karate - >> lock acquired, begin callonce: read('classpath:authorization_token/prod/UPM_Prod_AccessToken.feature')
16:42:51.769 [main] INFO  com.intuit.karate - << lock released, cached callonce: read('classpath:authorization_token/prod/UPM_Prod_AccessToken.feature')
16:42:53.063 [main] INFO  com.intuit.karate - [WARN] Expected 200 but got 403 for Claim UPM details Hospital request validation 
16:42:54.509 [main] INFO  com.intuit.karate - [WARN] Expected 200 but got 403 for Claim UPM details Hospital request validation 
16:42:55.953 [main] INFO  com.intuit.karate - [WARN] Expected 200 but got 403 for Claim UPM details Hospital request validation 
16:42:57.389 [main] INFO  com.intuit.karate - [WARN] Expected 200 but got 403 for Claim UPM details Hospital request validation 
16:42:58.831 [main] INFO  com.intuit.karate - [WARN] Expected 200 but got 403 for Claim UPM details Hospital request validation 
16:43:00.283 [main] INFO  com.intuit.karate - [WARN] Expected 200 but got 403 for Claim UPM details Hospital request validation 
16:43:01.737 [main] INFO  com.intuit.karate - [WARN] Expected 200 but got 403 for Claim UPM details Hospital request validation 
16:43:03.240 [main] INFO  com.intuit.karate - [WARN] Expected 200 but got 403 for Claim UPM details Hospital request validation 
16:43:04.655 [main] INFO  com.intuit.karate - [WARN] Expected 200 but got 403 for Claim UPM details Hospital request validation 
16:43:05.987 [main] INFO  com.intuit.karate - [WARN] Expected 200 but got 403 for Claim UPM details Hospital request validation 
16:43:07.344 [main] INFO  com.intuit.karate - [WARN] Expected 200 but got 403 for Claim UPM details Hospital request validation 
16:43:08.820 [main] INFO  com.intuit.karate - [WARN] Expected 200 but got 403 for Claim UPM details Hospital request validation 
16:43:10.307 [main] INFO  com.intuit.karate - [WARN] Expected 200 but got 403 for Claim UPM details Hospital request validation 
16:43:11.780 [main] INFO  com.intuit.karate - [WARN] Expected 200 but got 403 for Claim UPM details Hospital request validation 
16:43:13.185 [main] INFO  com.intuit.karate - [WARN] Expected 200 but got 403 for Claim UPM details Hospital request validation 
16:43:14.617 [main] INFO  com.intuit.karate - [WARN] Expected 200 but got 403 for Claim UPM details Hospital request validation 
16:43:16.094 [main] INFO  com.intuit.karate - [WARN] Expected 200 but got 403 for Claim UPM details Hospital request validation 
16:43:17.535 [main] INFO  com.intuit.karate - [WARN] Expected 200 but got 403 for Claim UPM details Hospital request validation 
16:43:18.918 [main] INFO  com.intuit.karate - [WARN] Expected 200 but got 403 for Claim UPM details Hospital request validation 
16:43:20.348 [main] INFO  com.intuit.karate - [WARN] Expected 200 but got 403 for Claim UPM details Hospital request validation 
16:43:21.783 [main] INFO  com.intuit.karate - [WARN] Expected 200 but got 403 for Claim UPM details Hospital request validation 
16:43:23.498 [main] INFO  com.intuit.karate - [WARN] Expected 200 but got 403 for Claim UPM details Hospital request validation 
16:43:25.083 [main] INFO  com.intuit.karate - [WARN] Expected 200 but got 403 for Claim UPM details Hospital request validation 
16:43:26.626 [main] INFO  com.intuit.karate - [WARN] Expected 200 but got 403 for Claim UPM details Hospital request validation 
16:43:28.201 [main] INFO  com.intuit.karate - [WARN] Expected 200 but got 403 for Claim UPM details Hospital request validation 
16:43:29.770 [main] INFO  com.intuit.karate - [WARN] Expected 200 but got 403 for Claim UPM details Hospital request validation 
16:43:31.299 [main] INFO  com.intuit.karate - [WARN] Expected 200 but got 403 for Claim UPM details Hospital request validation 
16:43:32.799 [main] INFO  com.intuit.karate - [WARN] Expected 200 but got 403 for Claim UPM details Hospital request validation 
16:43:34.376 [main] INFO  com.intuit.karate - [WARN] Expected 200 but got 403 for Claim UPM details Hospital request validation 
16:43:35.891 [main] INFO  com.intuit.karate - [WARN] Expected 200 but got 403 for Claim UPM details Hospital request validation 
16:43:37.327 [main] INFO  com.intuit.karate - [WARN] Expected 200 but got 403 for Claim UPM details Hospital request validation 
16:43:38.884 [main] INFO  com.intuit.karate - [WARN] Expected 200 but got 403 for Claim UPM details Hospital request validation 
16:43:39.168 [main] INFO  com.intuit.karate - << lock released, cached callonce: read('classpath:feature_files/upm_ppkg/cosmos/ISET/read-claim-details/physician/upm_physician.feature')
16:43:39.176 [main] INFO  com.intuit.karate - >> lock acquired, begin callonce: read('classpath:feature_files/upm_ppkg/cosmos/ISET/read-claim-details/physician/ppkg_physician.feature')
16:43:39.180 [main] INFO  com.intuit.karate - >> lock acquired, begin callonce: read('classpath:authorization_token/prod/PPKG_Prod_AccessToken.feature')
16:43:40.291 [main] INFO  com.intuit.karate - << lock released, cached callonce: read('classpath:authorization_token/prod/PPKG_Prod_AccessToken.feature')
16:43:41.280 [main] INFO  com.intuit.karate - [WARN] Expected 200 but got 404 for Getting Single Record Based on Claim-identifiers 
16:43:42.355 [main] INFO  com.intuit.karate - [WARN] Expected 200 but got 404 for Getting Single Record Based on Claim-identifiers 
16:43:43.535 [main] INFO  com.intuit.karate - [WARN] Expected 200 but got 404 for Getting Single Record Based on Claim-identifiers 
16:43:44.527 [main] INFO  com.intuit.karate - [WARN] Expected 200 but got 404 for Getting Single Record Based on Claim-identifiers 
16:43:45.719 [main] INFO  com.intuit.karate - [WARN] Expected 200 but got 404 for Getting Single Record Based on Claim-identifiers 
16:43:48.250 [main] INFO  com.intuit.karate - [WARN] Expected 200 but got 404 for Getting Single Record Based on Claim-identifiers 
16:43:49.430 [main] INFO  com.intuit.karate - [WARN] Expected 200 but got 404 for Getting Single Record Based on Claim-identifiers 
16:43:50.472 [main] INFO  com.intuit.karate - [WARN] Expected 200 but got 404 for Getting Single Record Based on Claim-identifiers 
16:43:53.742 [main] INFO  com.intuit.karate - [WARN] Expected 200 but got 404 for Getting Single Record Based on Claim-identifiers 
16:43:54.732 [main] INFO  com.intuit.karate - [WARN] Expected 200 but got 404 for Getting Single Record Based on Claim-identifiers 
16:43:55.864 [main] INFO  com.intuit.karate - [WARN] Expected 200 but got 404 for Getting Single Record Based on Claim-identifiers 
16:43:57.101 [main] INFO  com.intuit.karate - [WARN] Expected 200 but got 404 for Getting Single Record Based on Claim-identifiers 
16:43:58.113 [main] INFO  com.intuit.karate - [WARN] Expected 200 but got 404 for Getting Single Record Based on Claim-identifiers 
16:43:59.213 [main] INFO  com.intuit.karate - [WARN] Expected 200 but got 404 for Getting Single Record Based on Claim-identifiers 
16:44:00.135 [main] INFO  com.intuit.karate - [WARN] Expected 200 but got 404 for Getting Single Record Based on Claim-identifiers 
16:44:01.252 [main] INFO  com.intuit.karate - [WARN] Expected 200 but got 404 for Getting Single Record Based on Claim-identifiers 
16:44:03.867 [main] INFO  com.intuit.karate - [WARN] Expected 200 but got 404 for Getting Single Record Based on Claim-identifiers 
16:44:05.109 [main] INFO  com.intuit.karate - [WARN] Expected 200 but got 404 for Getting Single Record Based on Claim-identifiers 
16:44:06.050 [main] INFO  com.intuit.karate - [WARN] Expected 200 but got 404 for Getting Single Record Based on Claim-identifiers 
16:44:08.859 [main] INFO  com.intuit.karate - [WARN] Expected 200 but got 404 for Getting Single Record Based on Claim-identifiers 
16:44:09.966 [main] INFO  com.intuit.karate - [WARN] Expected 200 but got 404 for Getting Single Record Based on Claim-identifiers 
16:44:11.018 [main] INFO  com.intuit.karate - [WARN] Expected 200 but got 404 for Getting Single Record Based on Claim-identifiers 
16:44:12.063 [main] INFO  com.intuit.karate - [WARN] Expected 200 but got 404 for Getting Single Record Based on Claim-identifiers 
16:44:19.601 [main] INFO  com.intuit.karate - [WARN] Expected 200 but got 404 for Getting Single Record Based on Claim-identifiers 
16:44:20.686 [main] INFO  com.intuit.karate - [WARN] Expected 200 but got 404 for Getting Single Record Based on Claim-identifiers 
16:44:21.658 [main] INFO  com.intuit.karate - [WARN] Expected 200 but got 404 for Getting Single Record Based on Claim-identifiers 
16:44:22.615 [main] INFO  com.intuit.karate - [WARN] Expected 200 but got 404 for Getting Single Record Based on Claim-identifiers 
16:44:23.644 [main] INFO  com.intuit.karate - [WARN] Expected 200 but got 404 for Getting Single Record Based on Claim-identifiers 
16:44:23.905 [main] INFO  com.intuit.karate - << lock released, cached callonce: read('classpath:feature_files/upm_ppkg/cosmos/ISET/read-claim-details/physician/ppkg_physician.feature')
16:44:23.906 [main] INFO  com.intuit.karate - [VALIDATION] === Generating DMV reports for: ISET_Physician (Consumer: ISET ) === 
16:44:30.645 [main] INFO  com.intuit.karate - [VALIDATION] DMV Schema_Validation.py completed for ISET_Physician 
16:44:31.859 [main] INFO  com.intuit.karate - [VALIDATION] Performance report generated for ISET 
16:44:31.859 [main] INFO  com.intuit.karate - [VALIDATION] === Done for: ISET_Physician === 
16:44:35.928 [main] INFO  com.intuit.karate.Suite - <<pass>> feature 1 of 1 (0 remaining) src/test/resources/runner/upm_ppkg/ISET/iset_upm_ppkg.feature
